package forAdvancedLevelTest.importedFiles;
import forAdvancedLevelTest.importedFiles2.AlsoReferenced;

public class IsItPackageAndImport {
  AlsoReferenced arp;

  public String toString2() { 
    return "imported from elspeth.importedFiles";
  }

  public int yourMethod() {
    return 24;
  } 
}