// Language Level Converter line number map: dj*->java. Entries: 3
//     1->3         2->4         3->5    
abstract class AFriend extends Object {
  public abstract String getName();

  /** This method is automatically generated by the Language Level Converter. */
  public AFriend() {
    super();
  }

  /** This method is automatically generated by the Language Level Converter. */
  public java.lang.String toString() {
    return getClass().getName() + "(" + 
        ")";
  }

  /** This method is automatically generated by the Language Level Converter. */
  public boolean equals(java.lang.Object o) {
    if (this == o) {
      return true;
    }
    else if ((o == null) || (! o.getClass().equals(getClass()))) {
      return false;
    }
    else {
      AFriend cast = ((AFriend) o);
      return true;
    }
  }

  /** This method is automatically generated by the Language Level Converter. */
  public int hashCode() {
    return getClass().hashCode();
  }
}
