package forAdvancedLevelTest.importedFiles2;

public class AlsoReferenced {
}