// Language Level Converter line number map: dj*->java. Entries: 13
//     1->4         2->5         3->6         4->7         5->8         6->9         7->10        8->11   
//     9->12       10->13       11->14       12->15       13->16   
class ExtraParensOk extends Object{
  private final int i;
  private final int j;
  
  public Object myMethod(final int q) {
    if (i==q) {
      return (new Object());
    }
    else {
      return (null);
    }
  }

  /** This method is automatically generated by the Language Level Converter. */
  public ExtraParensOk(int i, int j) {
    super();
    this.i = i;
    this.j = j;
  }

  /** This method is automatically generated by the Language Level Converter. */
  public int i() {
    return i;
  }

  /** This method is automatically generated by the Language Level Converter. */
  public int j() {
    return j;
  }

  /** This method is automatically generated by the Language Level Converter. */
  public java.lang.String toString() {
    return getClass().getName() + "(" + 
        i() + ", " + 
        j() + 
        ")";
  }

  /** This method is automatically generated by the Language Level Converter. */
  public boolean equals(java.lang.Object o) {
    if (this == o) {
      return true;
    }
    else if ((o == null) || (! o.getClass().equals(getClass()))) {
      return false;
    }
    else {
      ExtraParensOk cast = ((ExtraParensOk) o);
      return (i() == cast.i()) && 
          (j() == cast.j());
    }
  }

  /** This method is automatically generated by the Language Level Converter. */
  public int hashCode() {
    return getClass().hashCode() ^ 
        i() ^ 
        j();
  }
}
