// Language Level Converter line number map: dj*->java. Entries: 4
//     1->3         2->4         3->5         4->6    
//Here, we see that the methods of interfaces are always made public.
interface MyInterfaceYeah {
  public boolean equals(final Object o);
}
