// Language Level Converter line number map: dj*->java. Entries: 7
//     1->3         2->4         3->5         4->6         5->7         6->8         7->9    
interface TestInterface1 {
  public abstract int myMethod(); 
}

interface TestInterface2 extends TestInterface1 {
  
}
