// Language Level Converter line number map: dj*->java. Entries: 11
//     1->4         2->5         3->6         4->7         5->8         6->9         7->10        8->11   
//     9->12       10->13       11->14   
import java.util.*;

class TestNoDuplicateAugmentedVariables {
  private final LinkedList __hashCodeList;
  private final LinkedList __hashCodeList0;
  private final LinkedList __equalsList;
  private final boolean __toStringFlag;
  private final boolean __toStringFlag0;
  private final boolean __toStringFlag2;
  

  /** This method is automatically generated by the Language Level Converter. */
  public TestNoDuplicateAugmentedVariables(java.util.LinkedList __hashCodeList, java.util.LinkedList __hashCodeList0, java.util.LinkedList __equalsList, boolean __toStringFlag, boolean __toStringFlag0, boolean __toStringFlag2) {
    super();
    this.__hashCodeList = __hashCodeList;
    this.__hashCodeList0 = __hashCodeList0;
    this.__equalsList = __equalsList;
    this.__toStringFlag = __toStringFlag;
    this.__toStringFlag0 = __toStringFlag0;
    this.__toStringFlag2 = __toStringFlag2;
  }

  /** This method is automatically generated by the Language Level Converter. */
  public java.util.LinkedList __hashCodeList() {
    return __hashCodeList;
  }

  /** This method is automatically generated by the Language Level Converter. */
  public java.util.LinkedList __hashCodeList0() {
    return __hashCodeList0;
  }

  /** This method is automatically generated by the Language Level Converter. */
  public java.util.LinkedList __equalsList() {
    return __equalsList;
  }

  /** This method is automatically generated by the Language Level Converter. */
  public boolean __toStringFlag() {
    return __toStringFlag;
  }

  /** This method is automatically generated by the Language Level Converter. */
  public boolean __toStringFlag0() {
    return __toStringFlag0;
  }

  /** This method is automatically generated by the Language Level Converter. */
  public boolean __toStringFlag2() {
    return __toStringFlag2;
  }

  /** This method is automatically generated by the Language Level Converter. */
  public java.lang.String toString() {
    return getClass().getName() + "(" + 
        __hashCodeList() + ", " + 
        __hashCodeList0() + ", " + 
        __equalsList() + ", " + 
        __toStringFlag() + ", " + 
        __toStringFlag0() + ", " + 
        __toStringFlag2() + 
        ")";
  }

  /** This method is automatically generated by the Language Level Converter. */
  public boolean equals(java.lang.Object o) {
    if (this == o) {
      return true;
    }
    else if ((o == null) || (! o.getClass().equals(getClass()))) {
      return false;
    }
    else {
      TestNoDuplicateAugmentedVariables cast = ((TestNoDuplicateAugmentedVariables) o);
      return (__hashCodeList() != null && __hashCodeList().equals(cast.__hashCodeList())) && 
          (__hashCodeList0() != null && __hashCodeList0().equals(cast.__hashCodeList0())) && 
          (__equalsList() != null && __equalsList().equals(cast.__equalsList())) && 
          (__toStringFlag() == cast.__toStringFlag()) && 
          (__toStringFlag0() == cast.__toStringFlag0()) && 
          (__toStringFlag2() == cast.__toStringFlag2());
    }
  }

  /** This method is automatically generated by the Language Level Converter. */
  public int hashCode() {
    return getClass().hashCode() ^ 
        (__hashCodeList() == null ? 0 : __hashCodeList().hashCode()) ^ 
        (__hashCodeList0() == null ? 0 : __hashCodeList0().hashCode()) ^ 
        (__equalsList() == null ? 0 : __equalsList().hashCode()) ^ 
        (__toStringFlag() ? 1 : 0) ^ 
        (__toStringFlag0() ? 1 : 0) ^ 
        (__toStringFlag2() ? 1 : 0);
  }
}
