package forIntermediateLevelTest;
import forIntermediateLevelTest.importedFiles.ToReference;
import forIntermediateLevelTest.importedFiles2.*;

//this tests that if you have specifically imported a file, but you have a file in your package and have generally imported the same class name,
//the specifically imported one is used.
class TestImportStuff2 {
  private final ToReference tr;
  
  
  public String printField() {
    return tr.toString();
  }
  
  public int callMethod() { 
    return tr.yourMethod();
  }
  

  /** This method is automatically generated by the Language Level Converter. */
  public TestImportStuff2(forIntermediateLevelTest.importedFiles.ToReference tr) {
    super();
    this.tr = tr;
  }

  /** This method is automatically generated by the Language Level Converter. */
  public forIntermediateLevelTest.importedFiles.ToReference tr() {
    return tr;
  }

  /** This method is automatically generated by the Language Level Converter. */
  public java.lang.String toString() {
    return getClass().getName() + "(" + 
        tr() + 
        ")";
  }

  /** This method is automatically generated by the Language Level Converter. */
  public boolean equals(java.lang.Object o) {
    if (this == o) {
      return true;
    }
    else if ((o == null) || (! o.getClass().equals(getClass()))) {
      return false;
    }
    else {
      TestImportStuff2 cast = ((TestImportStuff2) o);
      return (tr() != null && tr().equals(cast.tr()));
    }
  }

  /** This method is automatically generated by the Language Level Converter. */
  public int hashCode() {
    return getClass().hashCode() ^ 
        (tr() == null ? 0 : tr().hashCode());
  }
}
