package forIntermediateLevelTest;

public class ToReference {
  public String toString2() { 
    return "packaged in testsrc";
  }
      
    public String myMethod() {
      return "24 oceans";
    }

  /** This method is automatically generated by the Language Level Converter. */
  public ToReference() {
    super();
  }

  /** This method is automatically generated by the Language Level Converter. */
  public java.lang.String toString() {
    return getClass().getName() + "(" + 
        ")";
  }

  /** This method is automatically generated by the Language Level Converter. */
  public boolean equals(java.lang.Object o) {
    if (this == o) {
      return true;
    }
    else if ((o == null) || (! o.getClass().equals(getClass()))) {
      return false;
    }
    else {
      ToReference cast = ((ToReference) o);
      return true;
    }
  }

  /** This method is automatically generated by the Language Level Converter. */
  public int hashCode() {
    return getClass().hashCode();
  }
}