// Language Level Converter line number map: dj*->java. Entries: 3
//     1->3         2->4         3->5    
class UseOtherClassAsField {
  private final ClassAsField caf;

  /** This method is automatically generated by the Language Level Converter. */
  public UseOtherClassAsField(ClassAsField caf) {
    super();
    this.caf = caf;
  }

  /** This method is automatically generated by the Language Level Converter. */
  public ClassAsField caf() {
    return caf;
  }

  /** This method is automatically generated by the Language Level Converter. */
  public java.lang.String toString() {
    return getClass().getName() + "(" + 
        caf() + 
        ")";
  }

  /** This method is automatically generated by the Language Level Converter. */
  public boolean equals(java.lang.Object o) {
    if (this == o) {
      return true;
    }
    else if ((o == null) || (! o.getClass().equals(getClass()))) {
      return false;
    }
    else {
      UseOtherClassAsField cast = ((UseOtherClassAsField) o);
      return (caf() != null && caf().equals(cast.caf()));
    }
  }

  /** This method is automatically generated by the Language Level Converter. */
  public int hashCode() {
    return getClass().hashCode() ^ 
        (caf() == null ? 0 : caf().hashCode());
  }
}
