//This test makes sure that ComplexAnonymousInnerClass instantiations are correctly parsed and augmented

class ComplexAnonClassInstantiation {
  E.W w = new E().new W();
  int i = new E().new W() {
    public int q = 5;
  }.q;
    
}

class E {
  E() {
  }
  class W {
    W() {
    }
  }
}